// Jest Snapshot v1, https://goo.gl/fbAQLP

exports[`#math do not oversanitize math - test frac 1`] = `"<p><span class=\\"inlineMath inlineMathDouble\\"><span class=\\"katex-display\\"><span class=\\"katex\\"><span class=\\"katex-mathml\\"><math><semantics><mrow><mi>r</mi><mi>a</mi><mi>c</mi><mrow><mn>1</mn><mo>+</mo><mn>1</mn></mrow><mrow><mi>x</mi><mo>+</mo><mi>y</mi></mrow></mrow><annotation>rac{1+1}{x+y}</annotation></semantics></math></span><span class=\\"katex-html\\"><span class=\\"base\\"><span class=\\"strut\\" style=\\"height:0.8388800000000001em;vertical-align:-0.19444em;\\"></span><span class=\\"mord mathdefault\\" style=\\"margin-right:0.02778em;\\">r</span><span class=\\"mord mathdefault\\">a</span><span class=\\"mord mathdefault\\">c</span><span class=\\"mord\\"><span class=\\"mord\\">1</span><span class=\\"mspace\\" style=\\"margin-right:0.2222222222222222em;\\"></span><span class=\\"mbin\\">+</span><span class=\\"mspace\\" style=\\"margin-right:0.2222222222222222em;\\"></span><span class=\\"mord\\">1</span></span><span class=\\"mord\\"><span class=\\"mord mathdefault\\">x</span><span class=\\"mspace\\" style=\\"margin-right:0.2222222222222222em;\\"></span><span class=\\"mbin\\">+</span><span class=\\"mspace\\" style=\\"margin-right:0.2222222222222222em;\\"></span><span class=\\"mord mathdefault\\" style=\\"margin-right:0.03588em;\\">y</span></span></span></span></span></span></span></p>"`;

exports[`#math do not oversanitize math - test sub/sup 1`] = `"<p><span class=\\"inlineMath inlineMathDouble\\"><span class=\\"katex-display\\"><span class=\\"katex\\"><span class=\\"katex-mathml\\"><math><semantics><mrow><msub><mn>1</mn><mi>n</mi></msub><mo>+</mo><msup><mn>1</mn><mi>n</mi></msup></mrow><annotation>1_n + 1^n</annotation></semantics></math></span><span class=\\"katex-html\\"><span class=\\"base\\"><span class=\\"strut\\" style=\\"height:0.79444em;vertical-align:-0.15em;\\"></span><span class=\\"mord\\"><span class=\\"mord\\">1</span><span class=\\"msupsub\\"><span class=\\"vlist-t vlist-t2\\"><span class=\\"vlist-r\\"><span class=\\"vlist\\" style=\\"height:0.151392em;\\"><span style=\\"top:-2.5500000000000003em;margin-left:0em;margin-right:0.05em;\\"><span class=\\"pstrut\\" style=\\"height:2.7em;\\"></span><span class=\\"sizing reset-size6 size3 mtight\\"><span class=\\"mord mathdefault mtight\\">n</span></span></span></span><span class=\\"vlist-s\\">â€‹</span></span><span class=\\"vlist-r\\"><span class=\\"vlist\\" style=\\"height:0.15em;\\"><span></span></span></span></span></span></span><span class=\\"mspace\\" style=\\"margin-right:0.2222222222222222em;\\"></span><span class=\\"mbin\\">+</span><span class=\\"mspace\\" style=\\"margin-right:0.2222222222222222em;\\"></span></span><span class=\\"base\\"><span class=\\"strut\\" style=\\"height:0.7143919999999999em;vertical-align:0em;\\"></span><span class=\\"mord\\"><span class=\\"mord\\">1</span><span class=\\"msupsub\\"><span class=\\"vlist-t\\"><span class=\\"vlist-r\\"><span class=\\"vlist\\" style=\\"height:0.7143919999999999em;\\"><span style=\\"top:-3.113em;margin-right:0.05em;\\"><span class=\\"pstrut\\" style=\\"height:2.7em;\\"></span><span class=\\"sizing reset-size6 size3 mtight\\"><span class=\\"mord mathdefault mtight\\">n</span></span></span></span></span></span></span></span></span></span></span></span></span></p>"`;
