\begin{Foo}
a quote

a
multiline
quote
\end{Foo}

\horizontalLine

\begin{Foo}
a quote
\end{Foo}

\horizontalLine

\begin{Foo}
a
multiline
quote
\end{Foo}
