\begin{Quotation}{Anonymous}
a quote

a
multiline
quote
\end{Quotation}

\horizontalLine

\begin{Quotation}{Anonymous}
a quote
\end{Quotation}

\horizontalLine

\begin{Quotation}{Anonymous}
a
multiline
quote
\end{Quotation}
