\LevelTwoTitle{first level title}
\LevelThreeTitle{second level title}
\LevelFourTitle{third level title}
\LevelFiveTitle{fourth level title}
\LevelSixTitle{fifth level title}
\LevelSevenTitle{sixth level title}
