<p>a<sup>b</sup> a<sup>b</sup> a<sup>b</sup> a<sup>b</sup> a<sup>b</sup></p>
<p>a<sub>b</sub> a<sub>b</sub> a<sub>b</sub> a<sub>b</sub> a<sub>b</sub></p>
<p>a<sub>b</sub> a<sup>b</sup> a<sub>b</sub> a<sup>b</sup> a<sub>b</sub> a<sup>b</sup></p>
<p>a<sup>b</sup> a<sub>b</sub> a<sup>b</sup> a<sub>b</sub> a<sup>b</sup> a<sub>b</sub></p>
