// Jest Snapshot v1, https://goo.gl/fbAQLP

exports[`footnotes 1`] = `""`;

exports[`regression-1 1`] = `""`;
